Event: INSERT INTO TableName (SomeColumn) VALUES ()
Event: INSERT INTO TableName (SomeColumn) VALUES ()
Event: INSERT INTO TableName (SomeColumn) VALUES ()
Event: INSERT INTO TableName (SomeColumn) VALUES ()
